20:29:22 **** Incremental Build of configuration Debug for project Step_3 ****
make pre-build main-build 
a9-linaro-pre-build-step
 
make: Nothing to be done for 'main-build'.
20:29:30 **** Incremental Build of configuration Debug for project Step_3 ****
make pre-build main-build 
a9-linaro-pre-build-step
 
make: Nothing to be done for 'main-build'.
20:55:59 **** Build of project step_3 ****
make -k all 
Running Make include in ps7_cortexa9_0/libsrc/dmaps_v2_3/src
make -C ps7_cortexa9_0/libsrc/dmaps_v2_3/src -s include  "SHELL=/bin/sh" "COMPILER=arm-none-eabi-gcc" "ARCHIVER=arm-none-eabi-ar" "COMPILER_FLAGS=  -O2 -c" "EXTRA_COMPILER_FLAGS=-mcpu=cortex-a9 -mfpu=vfpv3 -mfloat-abi=hard -nostartfiles"
Running Make include in ps7_cortexa9_0/libsrc/ddrps_v1_0/src
make -C ps7_cortexa9_0/libsrc/ddrps_v1_0/src -s include  "SHELL=/bin/sh" "COMPILER=arm-none-eabi-gcc" "ARCHIVER=arm-none-eabi-ar" "COMPILER_FLAGS=  -O2 -c" "EXTRA_COMPILER_FLAGS=-mcpu=cortex-a9 -mfpu=vfpv3 -mfloat-abi=hard -nostartfiles"
Running Make include in ps7_cortexa9_0/libsrc/standalone_v6_1/src
make -C ps7_cortexa9_0/libsrc/standalone_v6_1/src -s include  "SHELL=/bin/sh" "COMPILER=arm-none-eabi-gcc" "ARCHIVER=arm-none-eabi-ar" "COMPILER_FLAGS=  -O2 -c" "EXTRA_COMPILER_FLAGS=-mcpu=cortex-a9 -mfpu=vfpv3 -mfloat-abi=hard -nostartfiles"
Running Make include in ps7_cortexa9_0/libsrc/cpu_cortexa9_v2_3/src
make -C ps7_cortexa9_0/libsrc/cpu_cortexa9_v2_3/src -s include  "SHELL=/bin/sh" "COMPILER=arm-none-eabi-gcc" "ARCHIVER=arm-none-eabi-ar" "COMPILER_FLAGS=  -O2 -c" "EXTRA_COMPILER_FLAGS=-mcpu=cortex-a9 -mfpu=vfpv3 -mfloat-abi=hard -nostartfiles"
Running Make include in ps7_cortexa9_0/libsrc/xadcps_v2_2/src
make -C ps7_cortexa9_0/libsrc/xadcps_v2_2/src -s include  "SHELL=/bin/sh" "COMPILER=arm-none-eabi-gcc" "ARCHIVER=arm-none-eabi-ar" "COMPILER_FLAGS=  -O2 -c" "EXTRA_COMPILER_FLAGS=-mcpu=cortex-a9 -mfpu=vfpv3 -mfloat-abi=hard -nostartfiles"
Running Make include in ps7_cortexa9_0/libsrc/scugic_v3_5/src
make -C ps7_cortexa9_0/libsrc/scugic_v3_5/src -s include  "SHELL=/bin/sh" "COMPILER=arm-none-eabi-gcc" "ARCHIVER=arm-none-eabi-ar" "COMPILER_FLAGS=  -O2 -c" "EXTRA_COMPILER_FLAGS=-mcpu=cortex-a9 -mfpu=vfpv3 -mfloat-abi=hard -nostartfiles"
Running Make include in ps7_cortexa9_0/libsrc/devcfg_v3_4/src
make -C ps7_cortexa9_0/libsrc/devcfg_v3_4/src -s include  "SHELL=/bin/sh" "COMPILER=arm-none-eabi-gcc" "ARCHIVER=arm-none-eabi-ar" "COMPILER_FLAGS=  -O2 -c" "EXTRA_COMPILER_FLAGS=-mcpu=cortex-a9 -mfpu=vfpv3 -mfloat-abi=hard -nostartfiles"
Running Make include in ps7_cortexa9_0/libsrc/gpio_v4_3/src
make -C ps7_cortexa9_0/libsrc/gpio_v4_3/src -s include  "SHELL=/bin/sh" "COMPILER=arm-none-eabi-gcc" "ARCHIVER=arm-none-eabi-ar" "COMPILER_FLAGS=  -O2 -c" "EXTRA_COMPILER_FLAGS=-mcpu=cortex-a9 -mfpu=vfpv3 -mfloat-abi=hard -nostartfiles"
Running Make include in ps7_cortexa9_0/libsrc/scuwdt_v2_1/src
make -C ps7_cortexa9_0/libsrc/scuwdt_v2_1/src -s include  "SHELL=/bin/sh" "COMPILER=arm-none-eabi-gcc" "ARCHIVER=arm-none-eabi-ar" "COMPILER_FLAGS=  -O2 -c" "EXTRA_COMPILER_FLAGS=-mcpu=cortex-a9 -mfpu=vfpv3 -mfloat-abi=hard -nostartfiles"
Running Make include in ps7_cortexa9_0/libsrc/uartps_v3_3/src
make -C ps7_cortexa9_0/libsrc/uartps_v3_3/src -s include  "SHELL=/bin/sh" "COMPILER=arm-none-eabi-gcc" "ARCHIVER=arm-none-eabi-ar" "COMPILER_FLAGS=  -O2 -c" "EXTRA_COMPILER_FLAGS=-mcpu=cortex-a9 -mfpu=vfpv3 -mfloat-abi=hard -nostartfiles"
Running Make include in ps7_cortexa9_0/libsrc/coresightps_dcc_v1_3/src
make -C ps7_cortexa9_0/libsrc/coresightps_dcc_v1_3/src -s include  "SHELL=/bin/sh" "COMPILER=arm-none-eabi-gcc" "ARCHIVER=arm-none-eabi-ar" "COMPILER_FLAGS=  -O2 -c" "EXTRA_COMPILER_FLAGS=-mcpu=cortex-a9 -mfpu=vfpv3 -mfloat-abi=hard -nostartfiles"
Running Make include in ps7_cortexa9_0/libsrc/scutimer_v2_1/src
make -C ps7_cortexa9_0/libsrc/scutimer_v2_1/src -s include  "SHELL=/bin/sh" "COMPILER=arm-none-eabi-gcc" "ARCHIVER=arm-none-eabi-ar" "COMPILER_FLAGS=  -O2 -c" "EXTRA_COMPILER_FLAGS=-mcpu=cortex-a9 -mfpu=vfpv3 -mfloat-abi=hard -nostartfiles"
Running Make libs in ps7_cortexa9_0/libsrc/dmaps_v2_3/src
make -C ps7_cortexa9_0/libsrc/dmaps_v2_3/src -s libs  "SHELL=/bin/sh" "COMPILER=arm-none-eabi-gcc" "ARCHIVER=arm-none-eabi-ar" "COMPILER_FLAGS=  -O2 -c" "EXTRA_COMPILER_FLAGS=-mcpu=cortex-a9 -mfpu=vfpv3 -mfloat-abi=hard -nostartfiles"
Compiling dmaps
arm-none-eabi-ar: creating ../../../lib/libxil.a
Running Make libs in ps7_cortexa9_0/libsrc/ddrps_v1_0/src
make -C ps7_cortexa9_0/libsrc/ddrps_v1_0/src -s libs  "SHELL=/bin/sh" "COMPILER=arm-none-eabi-gcc" "ARCHIVER=arm-none-eabi-ar" "COMPILER_FLAGS=  -O2 -c" "EXTRA_COMPILER_FLAGS=-mcpu=cortex-a9 -mfpu=vfpv3 -mfloat-abi=hard -nostartfiles"
Compiling ddrps
Running Make libs in ps7_cortexa9_0/libsrc/standalone_v6_1/src
make -C ps7_cortexa9_0/libsrc/standalone_v6_1/src -s libs  "SHELL=/bin/sh" "COMPILER=arm-none-eabi-gcc" "ARCHIVER=arm-none-eabi-ar" "COMPILER_FLAGS=  -O2 -c" "EXTRA_COMPILER_FLAGS=-mcpu=cortex-a9 -mfpu=vfpv3 -mfloat-abi=hard -nostartfiles"
Compiling standalone
Running Make libs in ps7_cortexa9_0/libsrc/cpu_cortexa9_v2_3/src
make -C ps7_cortexa9_0/libsrc/cpu_cortexa9_v2_3/src -s libs  "SHELL=/bin/sh" "COMPILER=arm-none-eabi-gcc" "ARCHIVER=arm-none-eabi-ar" "COMPILER_FLAGS=  -O2 -c" "EXTRA_COMPILER_FLAGS=-mcpu=cortex-a9 -mfpu=vfpv3 -mfloat-abi=hard -nostartfiles"
Compiling cpu_cortexa9
Running Make libs in ps7_cortexa9_0/libsrc/xadcps_v2_2/src
make -C ps7_cortexa9_0/libsrc/xadcps_v2_2/src -s libs  "SHELL=/bin/sh" "COMPILER=arm-none-eabi-gcc" "ARCHIVER=arm-none-eabi-ar" "COMPILER_FLAGS=  -O2 -c" "EXTRA_COMPILER_FLAGS=-mcpu=cortex-a9 -mfpu=vfpv3 -mfloat-abi=hard -nostartfiles"
Compiling xadcps
Running Make libs in ps7_cortexa9_0/libsrc/scugic_v3_5/src
make -C ps7_cortexa9_0/libsrc/scugic_v3_5/src -s libs  "SHELL=/bin/sh" "COMPILER=arm-none-eabi-gcc" "ARCHIVER=arm-none-eabi-ar" "COMPILER_FLAGS=  -O2 -c" "EXTRA_COMPILER_FLAGS=-mcpu=cortex-a9 -mfpu=vfpv3 -mfloat-abi=hard -nostartfiles"
Compiling scugic
Running Make libs in ps7_cortexa9_0/libsrc/devcfg_v3_4/src
make -C ps7_cortexa9_0/libsrc/devcfg_v3_4/src -s libs  "SHELL=/bin/sh" "COMPILER=arm-none-eabi-gcc" "ARCHIVER=arm-none-eabi-ar" "COMPILER_FLAGS=  -O2 -c" "EXTRA_COMPILER_FLAGS=-mcpu=cortex-a9 -mfpu=vfpv3 -mfloat-abi=hard -nostartfiles"
Compiling devcfg
Running Make libs in ps7_cortexa9_0/libsrc/gpio_v4_3/src
make -C ps7_cortexa9_0/libsrc/gpio_v4_3/src -s libs  "SHELL=/bin/sh" "COMPILER=arm-none-eabi-gcc" "ARCHIVER=arm-none-eabi-ar" "COMPILER_FLAGS=  -O2 -c" "EXTRA_COMPILER_FLAGS=-mcpu=cortex-a9 -mfpu=vfpv3 -mfloat-abi=hard -nostartfiles"
Compiling gpio
Running Make libs in ps7_cortexa9_0/libsrc/scuwdt_v2_1/src
make -C ps7_cortexa9_0/libsrc/scuwdt_v2_1/src -s libs  "SHELL=/bin/sh" "COMPILER=arm-none-eabi-gcc" "ARCHIVER=arm-none-eabi-ar" "COMPILER_FLAGS=  -O2 -c" "EXTRA_COMPILER_FLAGS=-mcpu=cortex-a9 -mfpu=vfpv3 -mfloat-abi=hard -nostartfiles"
Compiling scuwdt
Running Make libs in ps7_cortexa9_0/libsrc/uartps_v3_3/src
make -C ps7_cortexa9_0/libsrc/uartps_v3_3/src -s libs  "SHELL=/bin/sh" "COMPILER=arm-none-eabi-gcc" "ARCHIVER=arm-none-eabi-ar" "COMPILER_FLAGS=  -O2 -c" "EXTRA_COMPILER_FLAGS=-mcpu=cortex-a9 -mfpu=vfpv3 -mfloat-abi=hard -nostartfiles"
Compiling uartps
Running Make libs in ps7_cortexa9_0/libsrc/coresightps_dcc_v1_3/src
make -C ps7_cortexa9_0/libsrc/coresightps_dcc_v1_3/src -s libs  "SHELL=/bin/sh" "COMPILER=arm-none-eabi-gcc" "ARCHIVER=arm-none-eabi-ar" "COMPILER_FLAGS=  -O2 -c" "EXTRA_COMPILER_FLAGS=-mcpu=cortex-a9 -mfpu=vfpv3 -mfloat-abi=hard -nostartfiles"
Compiling coresightps_dcc
Running Make libs in ps7_cortexa9_0/libsrc/scutimer_v2_1/src
make -C ps7_cortexa9_0/libsrc/scutimer_v2_1/src -s libs  "SHELL=/bin/sh" "COMPILER=arm-none-eabi-gcc" "ARCHIVER=arm-none-eabi-ar" "COMPILER_FLAGS=  -O2 -c" "EXTRA_COMPILER_FLAGS=-mcpu=cortex-a9 -mfpu=vfpv3 -mfloat-abi=hard -nostartfiles"
Compiling scutimer
Finished building libraries
20:56:18 **** Build of configuration Debug for project step3 ****
make pre-build main-build 
a9-linaro-pre-build-step
 
Building file: ../src/helloworld.c
Invoking: ARM v7 gcc compiler
arm-none-eabi-gcc -Wall -O0 -g3 -c -fmessage-length=0 -MT"src/helloworld.o" -mcpu=cortex-a9 -mfpu=vfpv3 -mfloat-abi=hard -I../../step_3/ps7_cortexa9_0/include -MMD -MP -MF"src/helloworld.d" -MT"src/helloworld.o" -o "src/helloworld.o" "../src/helloworld.c"
Finished building: ../src/helloworld.c
 
Building file: ../src/platform.c
Invoking: ARM v7 gcc compiler
arm-none-eabi-gcc -Wall -O0 -g3 -c -fmessage-length=0 -MT"src/platform.o" -mcpu=cortex-a9 -mfpu=vfpv3 -mfloat-abi=hard -I../../step_3/ps7_cortexa9_0/include -MMD -MP -MF"src/platform.d" -MT"src/platform.o" -o "src/platform.o" "../src/platform.c"
Finished building: ../src/platform.c
 
Building target: step3.elf
Invoking: ARM v7 gcc linker
arm-none-eabi-gcc -mcpu=cortex-a9 -mfpu=vfpv3 -mfloat-abi=hard -Wl,-build-id=none -specs=Xilinx.spec -Wl,-T -Wl,../src/lscript.ld -L../../step_3/ps7_cortexa9_0/lib -o "step3.elf"  ./src/helloworld.o ./src/platform.o   -Wl,--start-group,-lxil,-lgcc,-lc,--end-group
Finished building target: step3.elf
 
Invoking: ARM v7 Print Size
arm-none-eabi-size step3.elf  |tee "step3.elf.size"
   text	   data	    bss	    dec	    hex	filename
  22328	   1148	  22568	  46044	   b3dc	step3.elf
Finished building: step3.elf.size
 
20:56:20 **** Auto Build of configuration Debug for project step3 ****
make pre-build main-build 
a9-linaro-pre-build-step
 
make: Nothing to be done for 'main-build'.
20:57:37 **** Auto Build of configuration Debug for project step3 ****
make pre-build main-build 
a9-linaro-pre-build-step
 
Building file: ../src/mmult.c
Invoking: ARM v7 gcc compiler
arm-none-eabi-gcc -Wall -O0 -g3 -c -fmessage-length=0 -MT"src/mmult.o" -mcpu=cortex-a9 -mfpu=vfpv3 -mfloat-abi=hard -I../../step_3/ps7_cortexa9_0/include -MMD -MP -MF"src/mmult.d" -MT"src/mmult.o" -o "src/mmult.o" "../src/mmult.c"
../src/mmult.c: In function 'main':
../src/mmult.c:105:3: warning: implicit declaration of function 'xil_printf' [-Wimplicit-function-declaration]
   xil_printf("----------------------------\r\nNew MATRIX Size N = %u", N);
   ^
Finished building: ../src/mmult.c
 
Building file: ../src/timer_util.c
Invoking: ARM v7 gcc compiler
arm-none-eabi-gcc -Wall -O0 -g3 -c -fmessage-length=0 -MT"src/timer_util.o" -mcpu=cortex-a9 -mfpu=vfpv3 -mfloat-abi=hard -I../../step_3/ps7_cortexa9_0/include -MMD -MP -MF"src/timer_util.d" -MT"src/timer_util.o" -o "src/timer_util.o" "../src/timer_util.c"
../src/timer_util.c:27:33: error: 'ITERATIONS' undeclared here (not in a function)
  volatile ee_s32 seed4_volatile=ITERATIONS;
                                 ^
make: *** [src/timer_util.o] Error 1
src/subdir.mk:30: recipe for target 'src/timer_util.o' failed
20:58:50 **** Clean-only build of configuration Debug for project step3 ****
make clean 
rm -rf  ./src/helloworld.o ./src/mmult.o ./src/platform.o ./src/timer_util.o  ./src/helloworld.d ./src/mmult.d ./src/platform.d ./src/timer_util.d  step3.elf.size  step3.elf
 
20:58:50 **** Auto Build of configuration Debug for project step3 ****
make pre-build main-build 
a9-linaro-pre-build-step
 
Building file: ../src/helloworld.c
Invoking: ARM v7 gcc compiler
arm-none-eabi-gcc -DPERFORMANCE_RUN=1 -DITERATIONS=20000 -DCOMPILER_FLAGS=\”-O3\” -Wall -O3 -g3 -c -fmessage-length=0 -MT"src/helloworld.o" -mcpu=cortex-a9 -mfpu=vfpv3 -mfloat-abi=hard -I../../step_3/ps7_cortexa9_0/include -MMD -MP -MF"src/helloworld.d" -MT"src/helloworld.o" -o "src/helloworld.o" "../src/helloworld.c"
Finished building: ../src/helloworld.c
 
Building file: ../src/mmult.c
Invoking: ARM v7 gcc compiler
arm-none-eabi-gcc -DPERFORMANCE_RUN=1 -DITERATIONS=20000 -DCOMPILER_FLAGS=\”-O3\” -Wall -O3 -g3 -c -fmessage-length=0 -MT"src/mmult.o" -mcpu=cortex-a9 -mfpu=vfpv3 -mfloat-abi=hard -I../../step_3/ps7_cortexa9_0/include -MMD -MP -MF"src/mmult.d" -MT"src/mmult.o" -o "src/mmult.o" "../src/mmult.c"
../src/mmult.c: In function 'main':
../src/mmult.c:105:3: warning: implicit declaration of function 'xil_printf' [-Wimplicit-function-declaration]
   xil_printf("----------------------------\r\nNew MATRIX Size N = %u", N);
   ^
Finished building: ../src/mmult.c
 
Building file: ../src/platform.c
Invoking: ARM v7 gcc compiler
arm-none-eabi-gcc -DPERFORMANCE_RUN=1 -DITERATIONS=20000 -DCOMPILER_FLAGS=\”-O3\” -Wall -O3 -g3 -c -fmessage-length=0 -MT"src/platform.o" -mcpu=cortex-a9 -mfpu=vfpv3 -mfloat-abi=hard -I../../step_3/ps7_cortexa9_0/include -MMD -MP -MF"src/platform.d" -MT"src/platform.o" -o "src/platform.o" "../src/platform.c"
Finished building: ../src/platform.c
 
Building file: ../src/timer_util.c
Invoking: ARM v7 gcc compiler
arm-none-eabi-gcc -DPERFORMANCE_RUN=1 -DITERATIONS=20000 -DCOMPILER_FLAGS=\”-O3\” -Wall -O3 -g3 -c -fmessage-length=0 -MT"src/timer_util.o" -mcpu=cortex-a9 -mfpu=vfpv3 -mfloat-abi=hard -I../../step_3/ps7_cortexa9_0/include -MMD -MP -MF"src/timer_util.d" -MT"src/timer_util.o" -o "src/timer_util.o" "../src/timer_util.c"
Finished building: ../src/timer_util.c
 
Building target: step3.elf
Invoking: ARM v7 gcc linker
arm-none-eabi-gcc -mcpu=cortex-a9 -mfpu=vfpv3 -mfloat-abi=hard -Wl,-build-id=none -specs=Xilinx.spec -Wl,-T -Wl,../src/lscript.ld -L../../step_3/ps7_cortexa9_0/lib -o "step3.elf"  ./src/helloworld.o ./src/mmult.o ./src/platform.o ./src/timer_util.o   -Wl,--start-group,-lxil,-lgcc,-lc,--end-group
./src/mmult.o: In function `main':
/home/nikolas/Git_Repos/CE435/lab2/vivado_proj/Lab_2_interupt/lab2_interrupt_arm/lab2_interrupt_arm.sdk/step3/Debug/../src/mmult.c:100: multiple definition of `main'
makefile:39: recipe for target 'step3.elf' failed
./src/helloworld.o:/home/nikolas/Git_Repos/CE435/lab2/vivado_proj/Lab_2_interupt/lab2_interrupt_arm/lab2_interrupt_arm.sdk/step3/Debug/../src/helloworld.c:54: first defined here
collect2: error: ld returned 1 exit status
make: *** [step3.elf] Error 1
20:59:17 **** Clean-only build of configuration Debug for project step3 ****
make clean 
rm -rf  ./src/helloworld.o ./src/mmult.o ./src/platform.o ./src/timer_util.o  ./src/helloworld.d ./src/mmult.d ./src/platform.d ./src/timer_util.d  step3.elf.size  step3.elf
 
20:59:17 **** Auto Build of configuration Debug for project step3 ****
make pre-build main-build 
a9-linaro-pre-build-step
 
Building file: ../src/mmult.c
Invoking: ARM v7 gcc compiler
arm-none-eabi-gcc -DPERFORMANCE_RUN=1 -DITERATIONS=20000 -DCOMPILER_FLAGS=\”-O3\” -Wall -O3 -g3 -c -fmessage-length=0 -MT"src/mmult.o" -mcpu=cortex-a9 -mfpu=vfpv3 -mfloat-abi=hard -I../../step_3/ps7_cortexa9_0/include -MMD -MP -MF"src/mmult.d" -MT"src/mmult.o" -o "src/mmult.o" "../src/mmult.c"
../src/mmult.c: In function 'main':
../src/mmult.c:105:3: warning: implicit declaration of function 'xil_printf' [-Wimplicit-function-declaration]
   xil_printf("----------------------------\r\nNew MATRIX Size N = %u", N);
   ^
Finished building: ../src/mmult.c
 
Building file: ../src/platform.c
Invoking: ARM v7 gcc compiler
arm-none-eabi-gcc -DPERFORMANCE_RUN=1 -DITERATIONS=20000 -DCOMPILER_FLAGS=\”-O3\” -Wall -O3 -g3 -c -fmessage-length=0 -MT"src/platform.o" -mcpu=cortex-a9 -mfpu=vfpv3 -mfloat-abi=hard -I../../step_3/ps7_cortexa9_0/include -MMD -MP -MF"src/platform.d" -MT"src/platform.o" -o "src/platform.o" "../src/platform.c"
Finished building: ../src/platform.c
 
Building file: ../src/timer_util.c
Invoking: ARM v7 gcc compiler
arm-none-eabi-gcc -DPERFORMANCE_RUN=1 -DITERATIONS=20000 -DCOMPILER_FLAGS=\”-O3\” -Wall -O3 -g3 -c -fmessage-length=0 -MT"src/timer_util.o" -mcpu=cortex-a9 -mfpu=vfpv3 -mfloat-abi=hard -I../../step_3/ps7_cortexa9_0/include -MMD -MP -MF"src/timer_util.d" -MT"src/timer_util.o" -o "src/timer_util.o" "../src/timer_util.c"
Finished building: ../src/timer_util.c
 
Building target: step3.elf
Invoking: ARM v7 gcc linker
arm-none-eabi-gcc -mcpu=cortex-a9 -mfpu=vfpv3 -mfloat-abi=hard -Wl,-build-id=none -specs=Xilinx.spec -Wl,-T -Wl,../src/lscript.ld -L../../step_3/ps7_cortexa9_0/lib -o "step3.elf"  ./src/mmult.o ./src/platform.o ./src/timer_util.o   -Wl,--start-group,-lxil,-lgcc,-lc,--end-group
Finished building target: step3.elf
 
Invoking: ARM v7 Print Size
arm-none-eabi-size step3.elf  |tee "step3.elf.size"
   text	   data	    bss	    dec	    hex	filename
  28416	   1172	14813272	14842860	 e27bec	step3.elf
Finished building: step3.elf.size
 
20:59:39 **** Incremental Build of configuration Debug for project step3 ****
make pre-build main-build 
a9-linaro-pre-build-step
 
make: Nothing to be done for 'main-build'.
21:06:19 **** Incremental Build of configuration Debug for project step3 ****
make pre-build main-build 
a9-linaro-pre-build-step
 
make: Nothing to be done for 'main-build'.
