23:35:03 **** Auto Build of configuration Debug for project Step_3 ****
make pre-build main-build 
a9-linaro-pre-build-step
 
Building file: ../src/core_main.c
Invoking: ARM v7 gcc compiler
arm-none-eabi-gcc -DITERATIONS=20000 -DPERFORMANCE_RUN=1 -DCOMPILER_FLAGS=\"-O3\" -Wall -O0 -g3 -c -fmessage-length=0 -MT"src/core_main.o" -mcpu=cortex-a9 -mfpu=vfpv3 -mfloat-abi=hard -I../../Step_3_BSP/ps7_cortexa9_0/include -MMD -MP -MF"src/core_main.d" -MT"src/core_main.o" -o "src/core_main.o" "../src/core_main.c"
Finished building: ../src/core_main.c
 
Building target: Step_3.elf
Invoking: ARM v7 gcc linker
arm-none-eabi-gcc -mcpu=cortex-a9 -mfpu=vfpv3 -mfloat-abi=hard -Wl,-build-id=none -specs=Xilinx.spec -Wl,-T -Wl,../src/lscript.ld -L../../Step_3_BSP/ps7_cortexa9_0/lib -o "Step_3.elf"  ./src/core_list_join.o ./src/core_main.o ./src/core_matrix.o ./src/core_state.o ./src/core_util.o ./src/timer_util.o   -Wl,--start-group,-lxil,-lgcc,-lc,--end-group
Finished building target: Step_3.elf
 
Invoking: ARM v7 Print Size
arm-none-eabi-size Step_3.elf  |tee "Step_3.elf.size"
   text	   data	    bss	    dec	    hex	filename
  89624	   2720	  23376	 115720	  1c408	Step_3.elf
Finished building: Step_3.elf.size
 

23:35:03 Build Finished (took 230ms)

