

================================================================
== Vivado HLS Report for 'array_io'
================================================================
* Date:           Mon May 15 21:09:32 2017

* Version:        2016.4 (Build 1756540 on Mon Jan 23 19:31:01 MST 2017)
* Project:        array_io_prj
* Solution:       solution3
* Product family: kintex7
* Target device:  xc7k160tfbg484-1


================================================================
== Performance Estimates
================================================================
+ Timing (ns): 
    * Summary: 
    +--------+-------+----------+------------+
    |  Clock | Target| Estimated| Uncertainty|
    +--------+-------+----------+------------+
    |ap_clk  |   4.00|      2.96|        0.50|
    +--------+-------+----------+------------+

+ Latency (clock cycles): 
    * Summary: 
    +-----+-----+-----+-----+---------+
    |  Latency  |  Interval | Pipeline|
    | min | max | min | max |   Type  |
    +-----+-----+-----+-----+---------+
    |   11|   11|   12|   12|   none  |
    +-----+-----+-----+-----+---------+

    + Detail: 
        * Instance: 
        N/A

        * Loop: 
        N/A



================================================================
== Utilization Estimates
================================================================
* Summary: 
+-----------------+---------+-------+--------+--------+
|       Name      | BRAM_18K| DSP48E|   FF   |   LUT  |
+-----------------+---------+-------+--------+--------+
|DSP              |        -|      -|       -|       -|
|Expression       |        -|      -|       0|    1049|
|FIFO             |        -|      -|       -|       -|
|Instance         |        -|      -|       -|       -|
|Memory           |        -|      -|       -|       -|
|Multiplexer      |        -|      -|       -|     202|
|Register         |        -|      -|     916|       -|
+-----------------+---------+-------+--------+--------+
|Total            |        0|      0|     916|    1251|
+-----------------+---------+-------+--------+--------+
|Available        |      650|    600|  202800|  101400|
+-----------------+---------+-------+--------+--------+
|Utilization (%)  |        0|      0|   ~0   |       1|
+-----------------+---------+-------+--------+--------+

+ Detail: 
    * Instance: 
    N/A

    * DSP48: 
    N/A

    * Memory: 
    N/A

    * FIFO: 
    N/A

    * Expression: 
    +---------------------+----------+-------+---+----+------------+------------+
    |    Variable Name    | Operation| DSP48E| FF| LUT| Bitwidth P0| Bitwidth P1|
    +---------------------+----------+-------+---+----+------------+------------+
    |tmp10_fu_760_p2      |     +    |      0|  0|  16|          32|          32|
    |tmp11_fu_768_p2      |     +    |      0|  0|  18|          18|          18|
    |tmp12_fu_711_p2      |     +    |      0|  0|  17|          17|          17|
    |tmp13_fu_843_p2      |     +    |      0|  0|  16|          32|          32|
    |tmp14_fu_851_p2      |     +    |      0|  0|  18|          18|          18|
    |tmp15_fu_794_p2      |     +    |      0|  0|  17|          17|          17|
    |tmp16_fu_926_p2      |     +    |      0|  0|  16|          32|          32|
    |tmp17_fu_934_p2      |     +    |      0|  0|  18|          18|          18|
    |tmp18_fu_877_p2      |     +    |      0|  0|  17|          17|          17|
    |tmp19_fu_1009_p2     |     +    |      0|  0|  16|          32|          32|
    |tmp1_fu_511_p2       |     +    |      0|  0|  16|          32|          32|
    |tmp20_fu_1017_p2     |     +    |      0|  0|  18|          18|          18|
    |tmp21_fu_960_p2      |     +    |      0|  0|  17|          17|          17|
    |tmp22_fu_1074_p2     |     +    |      0|  0|  16|          32|          32|
    |tmp23_fu_1082_p2     |     +    |      0|  0|  18|          18|          18|
    |tmp24_fu_1043_p2     |     +    |      0|  0|  17|          17|          17|
    |tmp2_fu_519_p2       |     +    |      0|  0|  18|          18|          18|
    |tmp3_fu_468_p2       |     +    |      0|  0|  17|          17|          17|
    |tmp4_fu_594_p2       |     +    |      0|  0|  16|          32|          32|
    |tmp5_fu_602_p2       |     +    |      0|  0|  18|          18|          18|
    |tmp6_fu_545_p2       |     +    |      0|  0|  17|          17|          17|
    |tmp7_fu_677_p2       |     +    |      0|  0|  16|          32|          32|
    |tmp8_fu_685_p2       |     +    |      0|  0|  18|          18|          18|
    |tmp9_fu_628_p2       |     +    |      0|  0|  17|          17|          17|
    |tmp_3_1_fu_612_p2    |     +    |      0|  0|  16|          32|          32|
    |tmp_3_2_fu_695_p2    |     +    |      0|  0|  16|          32|          32|
    |tmp_3_3_fu_778_p2    |     +    |      0|  0|  16|          32|          32|
    |tmp_3_4_fu_861_p2    |     +    |      0|  0|  16|          32|          32|
    |tmp_3_5_fu_944_p2    |     +    |      0|  0|  16|          32|          32|
    |tmp_3_6_fu_1027_p2   |     +    |      0|  0|  16|          32|          32|
    |tmp_3_7_fu_1092_p2   |     +    |      0|  0|  16|          32|          32|
    |tmp_3_s_fu_529_p2    |     +    |      0|  0|  16|          32|          32|
    |tmp_4_10_fu_739_p2   |     +    |      0|  0|  16|          16|          16|
    |tmp_4_11_fu_822_p2   |     +    |      0|  0|  16|          16|          16|
    |tmp_4_12_fu_905_p2   |     +    |      0|  0|  16|          16|          16|
    |tmp_4_13_fu_988_p2   |     +    |      0|  0|  16|          16|          16|
    |tmp_4_14_fu_1057_p2  |     +    |      0|  0|  16|          16|          16|
    |tmp_4_15_fu_501_p2   |     +    |      0|  0|  16|          16|          16|
    |tmp_4_16_fu_578_p2   |     +    |      0|  0|  16|          16|          16|
    |tmp_4_17_fu_661_p2   |     +    |      0|  0|  16|          16|          16|
    |tmp_4_18_fu_744_p2   |     +    |      0|  0|  16|          16|          16|
    |tmp_4_19_fu_827_p2   |     +    |      0|  0|  16|          16|          16|
    |tmp_4_1_fu_486_p2    |     +    |      0|  0|  16|          16|          16|
    |tmp_4_20_fu_910_p2   |     +    |      0|  0|  16|          16|          16|
    |tmp_4_21_fu_993_p2   |     +    |      0|  0|  16|          16|          16|
    |tmp_4_22_fu_1062_p2  |     +    |      0|  0|  16|          16|          16|
    |tmp_4_23_fu_588_p2   |     +    |      0|  0|  16|          16|          16|
    |tmp_4_24_fu_671_p2   |     +    |      0|  0|  16|          16|          16|
    |tmp_4_25_fu_754_p2   |     +    |      0|  0|  16|          16|          16|
    |tmp_4_26_fu_837_p2   |     +    |      0|  0|  16|          16|          16|
    |tmp_4_27_fu_920_p2   |     +    |      0|  0|  16|          16|          16|
    |tmp_4_28_fu_1003_p2  |     +    |      0|  0|  16|          16|          16|
    |tmp_4_29_fu_1068_p2  |     +    |      0|  0|  16|          16|          16|
    |tmp_4_2_fu_563_p2    |     +    |      0|  0|  16|          16|          16|
    |tmp_4_30_fu_1104_p2  |     +    |      0|  0|  16|          16|          16|
    |tmp_4_3_fu_646_p2    |     +    |      0|  0|  16|          16|          16|
    |tmp_4_4_fu_729_p2    |     +    |      0|  0|  16|          16|          16|
    |tmp_4_5_fu_812_p2    |     +    |      0|  0|  16|          16|          16|
    |tmp_4_6_fu_895_p2    |     +    |      0|  0|  16|          16|          16|
    |tmp_4_7_fu_978_p2    |     +    |      0|  0|  16|          16|          16|
    |tmp_4_8_fu_496_p2    |     +    |      0|  0|  16|          16|          16|
    |tmp_4_9_fu_573_p2    |     +    |      0|  0|  16|          16|          16|
    |tmp_4_s_fu_656_p2    |     +    |      0|  0|  16|          16|          16|
    |tmp_s_fu_454_p2      |     +    |      0|  0|  16|          16|          16|
    |ap_condition_154     |    or    |      0|  0|   1|           1|           1|
    +---------------------+----------+-------+---+----+------------+------------+
    |Total                |          |      0|  0|1049|        1305|        1305|
    +---------------------+----------+-------+---+----+------------+------------+

    * Multiplexer: 
    +----------------+----+-----------+-----+-----------+
    |      Name      | LUT| Input Size| Bits| Total Bits|
    +----------------+----+-----------+-----+-----------+
    |ap_NS_fsm       |   6|         13|    1|         13|
    |d_i_0_address0  |   8|         10|    4|         40|
    |d_i_0_address1  |   8|          8|    4|         32|
    |d_i_1_address0  |   8|          9|    4|         36|
    |d_i_1_address1  |   8|          9|    4|         36|
    |d_o_0_blk_n     |   1|          2|    1|          2|
    |d_o_0_din       |  32|          9|   16|        144|
    |d_o_1_blk_n     |   1|          2|    1|          2|
    |d_o_1_din       |  32|          9|   16|        144|
    |d_o_2_blk_n     |   1|          2|    1|          2|
    |d_o_2_din       |  32|          9|   16|        144|
    |d_o_3_blk_n     |   1|          2|    1|          2|
    |d_o_3_din       |  32|          9|   16|        144|
    |reg_420         |  16|          2|   16|         32|
    |reg_433         |  16|          2|   16|         32|
    +----------------+----+-----------+-----+-----------+
    |Total           | 202|         97|  117|        805|
    +----------------+----+-----------+-----+-----------+

    * Register: 
    +-------------------+----+----+-----+-----------+
    |        Name       | FF | LUT| Bits| Const Bits|
    +-------------------+----+----+-----+-----------+
    |acc_0              |  32|   0|   32|          0|
    |acc_1              |  32|   0|   32|          0|
    |acc_2              |  32|   0|   32|          0|
    |acc_3              |  32|   0|   32|          0|
    |acc_4              |  32|   0|   32|          0|
    |acc_5              |  32|   0|   32|          0|
    |acc_6              |  32|   0|   32|          0|
    |acc_7              |  32|   0|   32|          0|
    |ap_CS_fsm          |  12|   0|   12|          0|
    |reg_412            |  16|   0|   16|          0|
    |reg_416            |  16|   0|   16|          0|
    |reg_420            |  16|   0|   16|          0|
    |reg_425            |  16|   0|   16|          0|
    |reg_429            |  16|   0|   16|          0|
    |reg_433            |  16|   0|   16|          0|
    |reg_438            |  16|   0|   16|          0|
    |reg_442            |  16|   0|   16|          0|
    |tmp12_reg_1312     |  17|   0|   17|          0|
    |tmp15_reg_1359     |  17|   0|   17|          0|
    |tmp18_reg_1406     |  17|   0|   17|          0|
    |tmp21_reg_1443     |  17|   0|   17|          0|
    |tmp24_reg_1470     |  17|   0|   17|          0|
    |tmp3_reg_1171      |  17|   0|   17|          0|
    |tmp6_reg_1218      |  17|   0|   17|          0|
    |tmp9_reg_1265      |  17|   0|   17|          0|
    |tmp_4_10_reg_1338  |  16|   0|   16|          0|
    |tmp_4_11_reg_1385  |  16|   0|   16|          0|
    |tmp_4_12_reg_1427  |  16|   0|   16|          0|
    |tmp_4_13_reg_1459  |  16|   0|   16|          0|
    |tmp_4_14_reg_1475  |  16|   0|   16|          0|
    |tmp_4_15_reg_1207  |  16|   0|   16|          0|
    |tmp_4_16_reg_1254  |  16|   0|   16|          0|
    |tmp_4_17_reg_1301  |  16|   0|   16|          0|
    |tmp_4_18_reg_1348  |  16|   0|   16|          0|
    |tmp_4_19_reg_1395  |  16|   0|   16|          0|
    |tmp_4_1_reg_1186   |  16|   0|   16|          0|
    |tmp_4_20_reg_1437  |  16|   0|   16|          0|
    |tmp_4_21_reg_1464  |  16|   0|   16|          0|
    |tmp_4_22_reg_1480  |  16|   0|   16|          0|
    |tmp_4_2_reg_1233   |  16|   0|   16|          0|
    |tmp_4_3_reg_1280   |  16|   0|   16|          0|
    |tmp_4_4_reg_1327   |  16|   0|   16|          0|
    |tmp_4_5_reg_1374   |  16|   0|   16|          0|
    |tmp_4_6_reg_1421   |  16|   0|   16|          0|
    |tmp_4_7_reg_1453   |  16|   0|   16|          0|
    |tmp_4_8_reg_1197   |  16|   0|   16|          0|
    |tmp_4_9_reg_1244   |  16|   0|   16|          0|
    |tmp_4_s_reg_1291   |  16|   0|   16|          0|
    |tmp_s_reg_1150     |  16|   0|   16|          0|
    +-------------------+----+----+-----+-----------+
    |Total              | 916|   0|  916|          0|
    +-------------------+----+----+-----+-----------+



================================================================
== Interface
================================================================
* Summary: 
+----------------+-----+-----+------------+--------------+--------------+
|    RTL Ports   | Dir | Bits|  Protocol  | Source Object|    C Type    |
+----------------+-----+-----+------------+--------------+--------------+
|ap_clk          |  in |    1| ap_ctrl_hs |   array_io   | return value |
|ap_rst          |  in |    1| ap_ctrl_hs |   array_io   | return value |
|ap_start        |  in |    1| ap_ctrl_hs |   array_io   | return value |
|ap_done         | out |    1| ap_ctrl_hs |   array_io   | return value |
|ap_idle         | out |    1| ap_ctrl_hs |   array_io   | return value |
|ap_ready        | out |    1| ap_ctrl_hs |   array_io   | return value |
|d_o_0_din       | out |   16|   ap_fifo  |     d_o_0    |    pointer   |
|d_o_0_full_n    |  in |    1|   ap_fifo  |     d_o_0    |    pointer   |
|d_o_0_write     | out |    1|   ap_fifo  |     d_o_0    |    pointer   |
|d_o_1_din       | out |   16|   ap_fifo  |     d_o_1    |    pointer   |
|d_o_1_full_n    |  in |    1|   ap_fifo  |     d_o_1    |    pointer   |
|d_o_1_write     | out |    1|   ap_fifo  |     d_o_1    |    pointer   |
|d_o_2_din       | out |   16|   ap_fifo  |     d_o_2    |    pointer   |
|d_o_2_full_n    |  in |    1|   ap_fifo  |     d_o_2    |    pointer   |
|d_o_2_write     | out |    1|   ap_fifo  |     d_o_2    |    pointer   |
|d_o_3_din       | out |   16|   ap_fifo  |     d_o_3    |    pointer   |
|d_o_3_full_n    |  in |    1|   ap_fifo  |     d_o_3    |    pointer   |
|d_o_3_write     | out |    1|   ap_fifo  |     d_o_3    |    pointer   |
|d_i_0_address0  | out |    4|  ap_memory |     d_i_0    |     array    |
|d_i_0_ce0       | out |    1|  ap_memory |     d_i_0    |     array    |
|d_i_0_q0        |  in |   16|  ap_memory |     d_i_0    |     array    |
|d_i_0_address1  | out |    4|  ap_memory |     d_i_0    |     array    |
|d_i_0_ce1       | out |    1|  ap_memory |     d_i_0    |     array    |
|d_i_0_q1        |  in |   16|  ap_memory |     d_i_0    |     array    |
|d_i_1_address0  | out |    4|  ap_memory |     d_i_1    |     array    |
|d_i_1_ce0       | out |    1|  ap_memory |     d_i_1    |     array    |
|d_i_1_q0        |  in |   16|  ap_memory |     d_i_1    |     array    |
|d_i_1_address1  | out |    4|  ap_memory |     d_i_1    |     array    |
|d_i_1_ce1       | out |    1|  ap_memory |     d_i_1    |     array    |
|d_i_1_q1        |  in |   16|  ap_memory |     d_i_1    |     array    |
+----------------+-----+-----+------------+--------------+--------------+

